[transformers] `torch_dtype` is deprecated! Use `dtype` instead!
Loading weights:   0%|          | 0/179 [00:00<?, ?it/s]Loading weights: 100%|██████████| 179/179 [00:00<00:00, 2198.36it/s]
A_spelling 0 n_span [2, 2, 2, 2, 2, 2, 1, 1, 1, 1, 1, 1, 1, 3, 3]
A_spelling 1 n_span [2, 2, 2, 2, 2, 2, 1, 1, 1, 1, 1, 1, 1, 3, 3]
A_spelling 2 n_span [2, 2, 2, 2, 2, 2, 1, 1, 1, 1, 1, 1, 1, 3, 3]
A_spelling 3 n_span [2, 2, 2, 2, 2, 2, 1, 1, 1, 1, 1, 1, 1, 3, 3]
B_enharmonic 0 n_span [2, 2, 2, 2, 2, 2, 1, 1, 1, 1, 1, 1, 1, 3, 3]
B_enharmonic 1 n_span [2, 2, 2, 2, 2, 2, 1, 1, 1, 1, 1, 1, 1, 3, 3]
B_enharmonic 2 n_span [2, 2, 2, 2, 2, 2, 1, 1, 1, 1, 1, 1, 1, 3, 3]
B_enharmonic 3 n_span [2, 2, 2, 2, 2, 2, 1, 1, 1, 1, 1, 1, 1, 3, 3]
C_harmonic 0 n_span [2, 2, 2, 2, 2, 2, 1, 1, 1, 1, 1, 1, 1, 3, 3]
C_harmonic 1 n_span [2, 2, 2, 2, 2, 2, 1, 1, 1, 1, 1, 1, 1, 3, 3]
C_harmonic 2 n_span [2, 2, 2, 2, 2, 2, 1, 1, 1, 1, 1, 1, 1, 3, 3]
C_harmonic 3 n_span [2, 2, 2, 2, 2, 2, 1, 1, 1, 1, 1, 1, 1, 3, 3]
D_chord 0 n_span [2, 2, 2, 2, 2, 2, 1, 1, 1, 1, 1, 1, 1, 3, 3]
D_chord 1 n_span [2, 2, 2, 2, 2, 2, 1, 1, 1, 1, 1, 1, 1, 3, 3]
D_chord 2 n_span [2, 2, 2, 2, 2, 2, 1, 1, 1, 1, 1, 1, 1, 3, 3]
D_chord 3 n_span [2, 2, 2, 2, 2, 2, 1, 1, 1, 1, 1, 1, 1, 3, 3]
E_modulation 0 n_span [2, 2, 2, 2, 2, 2, 1, 1, 1, 1, 1, 1, 1, 3, 3]
E_modulation 1 n_span [2, 2, 2, 2, 2, 2, 1, 1, 1, 1, 1, 1, 1, 3, 3]
E_modulation 2 n_span [2, 2, 2, 2, 2, 2, 1, 1, 1, 1, 1, 1, 1, 3, 3]
E_modulation 3 n_span [2, 2, 2, 2, 2, 2, 1, 1, 1, 1, 1, 1, 1, 3, 3]
F_generic 0 n_span [2, 2, 2, 2, 2, 2, 1, 1, 1, 1, 1, 1, 1, 3, 3]
F_generic 1 n_span [2, 2, 2, 2, 2, 2, 1, 1, 1, 1, 1, 1, 1, 3, 3]
F_generic 2 n_span [2, 2, 2, 2, 2, 2, 1, 1, 1, 1, 1, 1, 1, 3, 3]
F_generic 3 n_span [2, 2, 2, 2, 2, 2, 1, 1, 1, 1, 1, 1, 1, 3, 3]
saved
