[transformers] `torch_dtype` is deprecated! Use `dtype` instead!
Loading weights:   0%|          | 0/179 [00:00<?, ?it/s]Loading weights: 100%|██████████| 179/179 [00:00<00:00, 6573.86it/s]
In file included from /home/moloch/.local/share/uv/python/cpython-3.12.13-linux-x86_64-gnu/include/python3.12/Python.h:12,
                 from /tmp/tmptnivii0m/cuda_utils.c:9:
/home/moloch/.local/share/uv/python/cpython-3.12.13-linux-x86_64-gnu/include/python3.12/pyconfig.h:1877:9: warning: ‘_POSIX_C_SOURCE’ redefined
 1877 | #define _POSIX_C_SOURCE 200809L
      |         ^~~~~~~~~~~~~~~
In file included from /usr/include/bits/libc-header-start.h:33,
                 from /usr/include/stdlib.h:26,
                 from /home/moloch/Documents/Research/pitch_fourier/.venv/lib/python3.12/site-packages/triton/backends/nvidia/include/cuda.h:56,
                 from /tmp/tmptnivii0m/cuda_utils.c:1:
/usr/include/features.h:319:10: note: this is the location of the previous definition
  319 | # define _POSIX_C_SOURCE        202405L
      |          ^~~~~~~~~~~~~~~
months 0 'The month of the year is {x}' n_span: [1, 1, 1, 1, 1, 1, 1, 1, 1, 1, 1, 1]
months 1 '{x}' n_span: [1, 1, 1, 1, 1, 1, 1, 1, 1, 1, 1, 1]
months 2 'It happened in {x}, which' n_span: [1, 1, 1, 1, 1, 1, 1, 1, 1, 1, 1, 1]
months 3 'The month of the year is {x}.' n_span: [1, 1, 1, 1, 1, 1, 1, 1, 1, 1, 1, 1]
weekdays 0 'The day of the week is {x}' n_span: [1, 1, 1, 1, 1, 1, 1]
weekdays 1 '{x}' n_span: [1, 1, 1, 1, 1, 1, 1]
weekdays 2 'It happened on {x}, which' n_span: [1, 1, 1, 1, 1, 1, 1]
major_canon 0 'The piece is written in the key of {x} major' n_span: [1, 1, 1, 1, 1, 1, 2, 1, 1, 1, 2, 1]
major_canon 1 'The piece is written in the key of {x} major.' n_span: [1, 1, 1, 1, 1, 1, 2, 1, 1, 1, 2, 1]
major_canon 2 '{x} major' n_span: [1, 1, 1, 1, 1, 1, 2, 1, 1, 1, 2, 1]
major_canon 3 'Symphony in {x} major, which' n_span: [1, 1, 1, 1, 1, 1, 2, 1, 1, 1, 2, 1]
major_canon 4 'The key is {x} major, and the piece' n_span: [1, 1, 1, 1, 1, 1, 2, 1, 1, 1, 2, 1]
major_canon 5 'In music, the key of {x} major has a key signature of' n_span: [1, 1, 1, 1, 1, 1, 2, 1, 1, 1, 2, 1]
minor_canon 0 'The piece is written in the key of {x} minor' n_span: [1, 2, 1, 1, 1, 1, 2, 1, 2, 1, 2, 1]
minor_canon 1 'The piece is written in the key of {x} minor.' n_span: [1, 2, 1, 1, 1, 1, 2, 1, 2, 1, 2, 1]
minor_canon 2 '{x} minor' n_span: [1, 2, 1, 1, 1, 1, 2, 1, 2, 1, 2, 1]
minor_canon 3 'Symphony in {x} minor, which' n_span: [1, 2, 1, 1, 1, 1, 2, 1, 2, 1, 2, 1]
major_sharp 0 'The piece is written in the key of {x} major' n_span: [1, 2, 1, 2, 1, 1, 2, 1, 2, 1, 2, 1]
major_sharp 1 '{x} major' n_span: [1, 2, 1, 2, 1, 1, 2, 1, 2, 1, 2, 1]
major_flat 0 'The piece is written in the key of {x} major' n_span: [1, 1, 1, 1, 1, 1, 2, 1, 1, 1, 2, 1]
major_flat 1 '{x} major' n_span: [1, 1, 1, 1, 1, 1, 1, 1, 1, 1, 2, 1]
major_words 0 'The piece is written in the key of {x} major' n_span: [1, 2, 1, 2, 1, 1, 3, 1, 2, 1, 2, 1]
major_unicode 0 'The piece is written in the key of {x} major' n_span: [1, 3, 1, 3, 1, 1, 3, 1, 3, 1, 3, 1]
tonic_canon 0 'The note is {x}' n_span: [1, 1, 1, 1, 1, 1, 2, 1, 1, 1, 2, 1]
tonic_canon 1 'The tonic of the scale is {x}' n_span: [1, 1, 1, 1, 1, 1, 2, 1, 1, 1, 2, 1]
tonic_canon 2 'The musical note {x}, which' n_span: [1, 1, 1, 1, 1, 1, 2, 1, 1, 1, 2, 1]
chord_major 0 'The chord is {x} major' n_span: [1, 1, 1, 1, 1, 1, 2, 1, 1, 1, 2, 1]
chord_major 1 'Play a {x} major chord, then' n_span: [1, 1, 1, 1, 1, 1, 2, 1, 1, 1, 2, 1]
done
