/home/moloch/Documents/Research/pitch_fourier/synthetic/measure.py:21: ConstantInputWarning: An input array is constant; the correlation coefficient is not defined.
  return {"rsa_circle": float(spearmanr(d, SEM_CIRC[iu]).correlation), "rsa_line": float(spearmanr(d, SEM_LINE[iu]).correlation), "rsa_code": float(spearmanr(d, code_hamming[iu]).correlation),
[circle/custom/s1] step     0 val 3.3119 KL 2.4043 rsa_oracle -0.01 c|l +0.12 l|c -0.14 twinJS 0.007 tgtAsym 2.788 | Q-hidden last layer: c|l +0.04 l|c +0.12 code -0.07 eci 0.64
[circle/custom/s1] step    50 val 0.3946 KL 0.5516 rsa_oracle +0.09 c|l +0.09 l|c -0.04 twinJS 0.002 tgtAsym 0.292 | Q-hidden last layer: c|l -0.02 l|c +0.22 code -0.04 eci 0.71
[circle/custom/s1] step   100 val 0.3147 KL 0.2864 rsa_oracle +0.60 c|l +0.69 l|c +0.16 twinJS 0.005 tgtAsym 0.849 | Q-hidden last layer: c|l +0.41 l|c +0.14 code +0.09 eci 0.31
[circle/custom/s1] step   150 val 0.2862 KL 0.1078 rsa_oracle +0.81 c|l +0.87 l|c +0.21 twinJS 0.005 tgtAsym 0.760 | Q-hidden last layer: c|l +0.42 l|c +0.14 code +0.17 eci 0.22
[circle/custom/s1] step   200 val 0.2753 KL 0.0402 rsa_oracle +0.93 c|l +0.93 l|c +0.31 twinJS 0.005 tgtAsym 0.414 | Q-hidden last layer: c|l +0.49 l|c +0.12 code +0.16 eci 0.13
[circle/custom/s1] step   300 val 0.2735 KL 0.0379 rsa_oracle +0.95 c|l +0.95 l|c +0.26 twinJS 0.002 tgtAsym 0.475 | Q-hidden last layer: c|l +0.48 l|c +0.09 code +0.15 eci 0.10
[circle/custom/s1] step   400 val 0.2743 KL 0.0469 rsa_oracle +0.95 c|l +0.96 l|c +0.35 twinJS 0.005 tgtAsym 0.439 | Q-hidden last layer: c|l +0.53 l|c +0.05 code +0.13 eci 0.04
[circle/custom/s1] step   500 val 0.2699 KL 0.0159 rsa_oracle +0.96 c|l +0.97 l|c +0.38 twinJS 0.002 tgtAsym 0.435 | Q-hidden last layer: c|l +0.52 l|c +0.02 code +0.14 eci 0.05
[circle/custom/s1] step   750 val 0.2697 KL 0.0153 rsa_oracle +0.96 c|l +0.96 l|c +0.31 twinJS 0.003 tgtAsym 0.423 | Q-hidden last layer: c|l +0.51 l|c +0.01 code +0.18 eci 0.05
[circle/custom/s1] step  1000 val 0.2699 KL 0.0202 rsa_oracle +0.97 c|l +0.96 l|c +0.36 twinJS 0.001 tgtAsym 0.500 | Q-hidden last layer: c|l +0.52 l|c -0.01 code +0.17 eci 0.02
[circle/custom/s1] step  1500 val 0.2699 KL 0.0212 rsa_oracle +0.97 c|l +0.97 l|c +0.35 twinJS 0.001 tgtAsym 0.408 | Q-hidden last layer: c|l +0.49 l|c -0.01 code +0.19 eci 0.02
[circle/custom/s1] step  2000 val 0.2693 KL 0.0166 rsa_oracle +0.96 c|l +0.97 l|c +0.36 twinJS 0.001 tgtAsym 0.425 | Q-hidden last layer: c|l +0.46 l|c +0.00 code +0.17 eci 0.02
[circle/custom/s1] step  3000 val 0.2691 KL 0.0158 rsa_oracle +0.98 c|l +0.97 l|c +0.38 twinJS 0.001 tgtAsym 0.261 | Q-hidden last layer: c|l +0.44 l|c -0.02 code +0.16 eci 0.02
[circle/custom/s1] step  4000 val 0.2677 KL 0.0038 rsa_oracle +0.98 c|l +0.97 l|c +0.40 twinJS 0.000 tgtAsym 0.183 | Q-hidden last layer: c|l +0.41 l|c -0.04 code +0.16 eci 0.02
[circle/custom/s1] step  5000 val 0.2676 KL 0.0023 rsa_oracle +0.99 c|l +0.98 l|c +0.40 twinJS 0.000 tgtAsym 0.156 | Q-hidden last layer: c|l +0.42 l|c -0.04 code +0.17 eci 0.02
[circle/custom/s1] step  6000 val 0.2674 KL 0.0007 rsa_oracle +0.99 c|l +0.98 l|c +0.38 twinJS 0.000 tgtAsym 0.087 | Q-hidden last layer: c|l +0.42 l|c -0.04 code +0.17 eci 0.02
done results/phase3/runs/dose_r025/circle_custom_s1
/home/moloch/Documents/Research/pitch_fourier/synthetic/measure.py:21: ConstantInputWarning: An input array is constant; the correlation coefficient is not defined.
  return {"rsa_circle": float(spearmanr(d, SEM_CIRC[iu]).correlation), "rsa_line": float(spearmanr(d, SEM_LINE[iu]).correlation), "rsa_code": float(spearmanr(d, code_hamming[iu]).correlation),
[circle/custom/s2] step     0 val 3.0785 KL 0.9116 rsa_oracle +0.02 c|l -0.06 l|c +0.20 twinJS 0.006 tgtAsym 0.786 | Q-hidden last layer: c|l -0.01 l|c +0.09 code +0.15 eci 0.62
[circle/custom/s2] step    50 val 0.3875 KL 0.5601 rsa_oracle +0.07 c|l -0.14 l|c +0.29 twinJS 0.000 tgtAsym 0.223 | Q-hidden last layer: c|l +0.27 l|c -0.04 code +0.12 eci 0.31
[circle/custom/s2] step   100 val 0.3233 KL 0.3523 rsa_oracle +0.49 c|l +0.55 l|c +0.17 twinJS 0.008 tgtAsym 0.685 | Q-hidden last layer: c|l +0.51 l|c -0.05 code -0.03 eci 0.13
[circle/custom/s2] step   150 val 0.2834 KL 0.0865 rsa_oracle +0.90 c|l +0.92 l|c +0.17 twinJS 0.007 tgtAsym 0.604 | Q-hidden last layer: c|l +0.75 l|c +0.02 code -0.06 eci 0.07
[circle/custom/s2] step   200 val 0.2798 KL 0.0704 rsa_oracle +0.92 c|l +0.95 l|c +0.25 twinJS 0.004 tgtAsym 0.418 | Q-hidden last layer: c|l +0.87 l|c -0.06 code -0.13 eci 0.04
[circle/custom/s2] step   300 val 0.2816 KL 0.0948 rsa_oracle +0.91 c|l +0.94 l|c +0.23 twinJS 0.005 tgtAsym 0.397 | Q-hidden last layer: c|l +0.77 l|c -0.00 code -0.10 eci 0.05
[circle/custom/s2] step   400 val 0.2764 KL 0.0608 rsa_oracle +0.91 c|l +0.93 l|c +0.31 twinJS 0.003 tgtAsym 0.503 | Q-hidden last layer: c|l +0.85 l|c -0.11 code -0.15 eci 0.03
[circle/custom/s2] step   500 val 0.2727 KL 0.0347 rsa_oracle +0.95 c|l +0.95 l|c +0.27 twinJS 0.002 tgtAsym 0.570 | Q-hidden last layer: c|l +0.78 l|c -0.13 code -0.12 eci 0.03
[circle/custom/s2] step   750 val 0.2698 KL 0.0140 rsa_oracle +0.96 c|l +0.97 l|c +0.44 twinJS 0.002 tgtAsym 0.342 | Q-hidden last layer: c|l +0.77 l|c -0.15 code -0.14 eci 0.03
[circle/custom/s2] step  1000 val 0.2741 KL 0.0507 rsa_oracle +0.94 c|l +0.95 l|c +0.34 twinJS 0.001 tgtAsym 0.345 | Q-hidden last layer: c|l +0.76 l|c -0.21 code -0.11 eci 0.03
[circle/custom/s2] step  1500 val 0.2686 KL 0.0071 rsa_oracle +0.98 c|l +0.97 l|c +0.44 twinJS 0.001 tgtAsym 0.211 | Q-hidden last layer: c|l +0.73 l|c -0.19 code -0.11 eci 0.03
[circle/custom/s2] step  2000 val 0.2702 KL 0.0190 rsa_oracle +0.96 c|l +0.96 l|c +0.32 twinJS 0.001 tgtAsym 0.196 | Q-hidden last layer: c|l +0.70 l|c -0.17 code -0.14 eci 0.04
[circle/custom/s2] step  3000 val 0.2700 KL 0.0177 rsa_oracle +0.96 c|l +0.96 l|c +0.36 twinJS 0.001 tgtAsym 0.350 | Q-hidden last layer: c|l +0.66 l|c -0.19 code -0.14 eci 0.02
[circle/custom/s2] step  4000 val 0.2679 KL 0.0032 rsa_oracle +0.99 c|l +0.98 l|c +0.41 twinJS 0.000 tgtAsym 0.145 | Q-hidden last layer: c|l +0.59 l|c -0.20 code -0.13 eci 0.02
[circle/custom/s2] step  5000 val 0.2678 KL 0.0012 rsa_oracle +0.99 c|l +0.98 l|c +0.49 twinJS 0.000 tgtAsym 0.071 | Q-hidden last layer: c|l +0.61 l|c -0.18 code -0.14 eci 0.02
[circle/custom/s2] step  6000 val 0.2677 KL 0.0006 rsa_oracle +0.99 c|l +0.98 l|c +0.47 twinJS 0.000 tgtAsym 0.077 | Q-hidden last layer: c|l +0.61 l|c -0.20 code -0.14 eci 0.02
done results/phase3/runs/dose_r025/circle_custom_s2
/home/moloch/Documents/Research/pitch_fourier/synthetic/measure.py:21: ConstantInputWarning: An input array is constant; the correlation coefficient is not defined.
  return {"rsa_circle": float(spearmanr(d, SEM_CIRC[iu]).correlation), "rsa_line": float(spearmanr(d, SEM_LINE[iu]).correlation), "rsa_code": float(spearmanr(d, code_hamming[iu]).correlation),
[circle/custom/s0] step     0 val 3.3383 KL 3.1151 rsa_oracle +0.03 c|l -0.12 l|c +0.21 twinJS 0.003 tgtAsym 5.522 | Q-hidden last layer: c|l +0.17 l|c -0.18 code +0.04 eci 0.30
[circle/custom/s0] step    50 val 0.3738 KL 0.4914 rsa_oracle +0.28 c|l +0.31 l|c +0.07 twinJS 0.003 tgtAsym 0.418 | Q-hidden last layer: c|l +0.25 l|c +0.05 code +0.08 eci 0.37
[circle/custom/s0] step   100 val 0.3279 KL 0.3972 rsa_oracle +0.54 c|l +0.67 l|c +0.12 twinJS 0.002 tgtAsym 0.913 | Q-hidden last layer: c|l +0.68 l|c -0.04 code +0.09 eci 0.07
[circle/custom/s0] step   150 val 0.2846 KL 0.0962 rsa_oracle +0.87 c|l +0.90 l|c +0.32 twinJS 0.004 tgtAsym 0.993 | Q-hidden last layer: c|l +0.86 l|c -0.08 code +0.07 eci 0.05
[circle/custom/s0] step   200 val 0.2774 KL 0.0485 rsa_oracle +0.94 c|l +0.95 l|c +0.40 twinJS 0.003 tgtAsym 0.414 | Q-hidden last layer: c|l +0.80 l|c -0.02 code +0.06 eci 0.05
[circle/custom/s0] step   300 val 0.2737 KL 0.0400 rsa_oracle +0.94 c|l +0.96 l|c +0.29 twinJS 0.002 tgtAsym 0.295 | Q-hidden last layer: c|l +0.79 l|c +0.00 code +0.05 eci 0.04
[circle/custom/s0] step   400 val 0.2733 KL 0.0349 rsa_oracle +0.96 c|l +0.97 l|c +0.52 twinJS 0.002 tgtAsym 0.403 | Q-hidden last layer: c|l +0.73 l|c -0.00 code +0.02 eci 0.03
[circle/custom/s0] step   500 val 0.2707 KL 0.0200 rsa_oracle +0.97 c|l +0.97 l|c +0.39 twinJS 0.001 tgtAsym 0.249 | Q-hidden last layer: c|l +0.77 l|c +0.01 code +0.01 eci 0.03
[circle/custom/s0] step   750 val 0.2719 KL 0.0299 rsa_oracle +0.96 c|l +0.97 l|c +0.43 twinJS 0.002 tgtAsym 0.326 | Q-hidden last layer: c|l +0.71 l|c -0.02 code +0.03 eci 0.03
[circle/custom/s0] step  1000 val 0.2701 KL 0.0177 rsa_oracle +0.97 c|l +0.96 l|c +0.41 twinJS 0.001 tgtAsym 0.410 | Q-hidden last layer: c|l +0.67 l|c -0.04 code +0.05 eci 0.02
[circle/custom/s0] step  1500 val 0.2698 KL 0.0176 rsa_oracle +0.97 c|l +0.97 l|c +0.43 twinJS 0.001 tgtAsym 0.366 | Q-hidden last layer: c|l +0.61 l|c -0.01 code +0.04 eci 0.02
[circle/custom/s0] step  2000 val 0.2684 KL 0.0068 rsa_oracle +0.98 c|l +0.98 l|c +0.42 twinJS 0.001 tgtAsym 0.245 | Q-hidden last layer: c|l +0.63 l|c -0.06 code +0.04 eci 0.02
[circle/custom/s0] step  3000 val 0.2679 KL 0.0042 rsa_oracle +0.98 c|l +0.98 l|c +0.40 twinJS 0.000 tgtAsym 0.143 | Q-hidden last layer: c|l +0.62 l|c -0.05 code +0.04 eci 0.02
[circle/custom/s0] step  4000 val 0.2682 KL 0.0051 rsa_oracle +0.98 c|l +0.98 l|c +0.52 twinJS 0.000 tgtAsym 0.183 | Q-hidden last layer: c|l +0.62 l|c -0.04 code +0.06 eci 0.02
[circle/custom/s0] step  5000 val 0.2678 KL 0.0024 rsa_oracle +0.98 c|l +0.98 l|c +0.47 twinJS 0.000 tgtAsym 0.166 | Q-hidden last layer: c|l +0.62 l|c -0.07 code +0.05 eci 0.02
[circle/custom/s0] step  6000 val 0.2676 KL 0.0008 rsa_oracle +0.99 c|l +0.98 l|c +0.48 twinJS 0.000 tgtAsym 0.111 | Q-hidden last layer: c|l +0.62 l|c -0.06 code +0.06 eci 0.02
done results/phase3/runs/dose_r050/circle_custom_s0
/home/moloch/Documents/Research/pitch_fourier/synthetic/measure.py:21: ConstantInputWarning: An input array is constant; the correlation coefficient is not defined.
  return {"rsa_circle": float(spearmanr(d, SEM_CIRC[iu]).correlation), "rsa_line": float(spearmanr(d, SEM_LINE[iu]).correlation), "rsa_code": float(spearmanr(d, code_hamming[iu]).correlation),
[circle/custom/s1] step     0 val 3.3266 KL 2.4800 rsa_oracle -0.06 c|l +0.05 l|c -0.04 twinJS 0.007 tgtAsym 3.121 | Q-hidden last layer: c|l +0.06 l|c +0.04 code +0.14 eci 0.64
[circle/custom/s1] step    50 val 0.3889 KL 0.5284 rsa_oracle +0.14 c|l -0.03 l|c +0.23 twinJS 0.003 tgtAsym 0.148 | Q-hidden last layer: c|l +0.22 l|c -0.00 code +0.40 eci 0.63
[circle/custom/s1] step   100 val 0.3200 KL 0.3332 rsa_oracle +0.50 c|l +0.62 l|c +0.17 twinJS 0.002 tgtAsym 0.742 | Q-hidden last layer: c|l +0.58 l|c -0.06 code +0.32 eci 0.28
[circle/custom/s1] step   150 val 0.2926 KL 0.1513 rsa_oracle +0.83 c|l +0.88 l|c +0.10 twinJS 0.008 tgtAsym 0.520 | Q-hidden last layer: c|l +0.56 l|c -0.10 code +0.29 eci 0.20
[circle/custom/s1] step   200 val 0.2743 KL 0.0353 rsa_oracle +0.93 c|l +0.95 l|c +0.36 twinJS 0.004 tgtAsym 0.479 | Q-hidden last layer: c|l +0.58 l|c -0.09 code +0.26 eci 0.18
[circle/custom/s1] step   300 val 0.2741 KL 0.0438 rsa_oracle +0.93 c|l +0.95 l|c +0.36 twinJS 0.002 tgtAsym 0.491 | Q-hidden last layer: c|l +0.62 l|c -0.12 code +0.25 eci 0.10
[circle/custom/s1] step   400 val 0.2726 KL 0.0346 rsa_oracle +0.96 c|l +0.97 l|c +0.31 twinJS 0.006 tgtAsym 0.373 | Q-hidden last layer: c|l +0.66 l|c -0.19 code +0.22 eci 0.07
[circle/custom/s1] step   500 val 0.2707 KL 0.0199 rsa_oracle +0.96 c|l +0.97 l|c +0.40 twinJS 0.001 tgtAsym 0.372 | Q-hidden last layer: c|l +0.62 l|c -0.21 code +0.27 eci 0.07
[circle/custom/s1] step   750 val 0.2700 KL 0.0183 rsa_oracle +0.96 c|l +0.97 l|c +0.33 twinJS 0.001 tgtAsym 0.315 | Q-hidden last layer: c|l +0.63 l|c -0.24 code +0.24 eci 0.04
[circle/custom/s1] step  1000 val 0.2694 KL 0.0151 rsa_oracle +0.97 c|l +0.97 l|c +0.43 twinJS 0.001 tgtAsym 0.392 | Q-hidden last layer: c|l +0.60 l|c -0.23 code +0.25 eci 0.03
[circle/custom/s1] step  1500 val 0.2690 KL 0.0112 rsa_oracle +0.97 c|l +0.96 l|c +0.35 twinJS 0.001 tgtAsym 0.234 | Q-hidden last layer: c|l +0.59 l|c -0.22 code +0.21 eci 0.03
[circle/custom/s1] step  2000 val 0.2687 KL 0.0089 rsa_oracle +0.98 c|l +0.97 l|c +0.47 twinJS 0.001 tgtAsym 0.241 | Q-hidden last layer: c|l +0.58 l|c -0.20 code +0.23 eci 0.03
[circle/custom/s1] step  3000 val 0.2688 KL 0.0097 rsa_oracle +0.97 c|l +0.97 l|c +0.46 twinJS 0.001 tgtAsym 0.341 | Q-hidden last layer: c|l +0.57 l|c -0.21 code +0.23 eci 0.03
[circle/custom/s1] step  4000 val 0.2677 KL 0.0031 rsa_oracle +0.99 c|l +0.98 l|c +0.47 twinJS 0.000 tgtAsym 0.207 | Q-hidden last layer: c|l +0.59 l|c -0.23 code +0.23 eci 0.03
[circle/custom/s1] step  5000 val 0.2676 KL 0.0020 rsa_oracle +0.99 c|l +0.98 l|c +0.47 twinJS 0.000 tgtAsym 0.140 | Q-hidden last layer: c|l +0.59 l|c -0.24 code +0.23 eci 0.03
[circle/custom/s1] step  6000 val 0.2674 KL 0.0007 rsa_oracle +0.99 c|l +0.98 l|c +0.49 twinJS 0.000 tgtAsym 0.100 | Q-hidden last layer: c|l +0.60 l|c -0.23 code +0.23 eci 0.03
done results/phase3/runs/dose_r050/circle_custom_s1
/home/moloch/Documents/Research/pitch_fourier/synthetic/measure.py:21: ConstantInputWarning: An input array is constant; the correlation coefficient is not defined.
  return {"rsa_circle": float(spearmanr(d, SEM_CIRC[iu]).correlation), "rsa_line": float(spearmanr(d, SEM_LINE[iu]).correlation), "rsa_code": float(spearmanr(d, code_hamming[iu]).correlation),
[circle/custom/s2] step     0 val 3.0922 KL 1.0138 rsa_oracle -0.04 c|l -0.13 l|c +0.09 twinJS 0.006 tgtAsym 0.444 | Q-hidden last layer: c|l -0.03 l|c +0.17 code -0.08 eci 0.62
[circle/custom/s2] step    50 val 0.3798 KL 0.5030 rsa_oracle +0.25 c|l +0.21 l|c +0.19 twinJS 0.002 tgtAsym 0.429 | Q-hidden last layer: c|l +0.28 l|c +0.03 code +0.12 eci 0.31
[circle/custom/s2] step   100 val 0.3109 KL 0.2552 rsa_oracle +0.63 c|l +0.69 l|c +0.05 twinJS 0.005 tgtAsym 0.929 | Q-hidden last layer: c|l +0.75 l|c -0.15 code +0.31 eci 0.05
[circle/custom/s2] step   150 val 0.2880 KL 0.1189 rsa_oracle +0.86 c|l +0.89 l|c +0.19 twinJS 0.008 tgtAsym 0.784 | Q-hidden last layer: c|l +0.86 l|c -0.00 code +0.12 eci 0.04
[circle/custom/s2] step   200 val 0.2771 KL 0.0520 rsa_oracle +0.94 c|l +0.95 l|c +0.34 twinJS 0.010 tgtAsym 0.551 | Q-hidden last layer: c|l +0.91 l|c -0.10 code +0.16 eci 0.04
[circle/custom/s2] step   300 val 0.2737 KL 0.0340 rsa_oracle +0.94 c|l +0.95 l|c +0.43 twinJS 0.002 tgtAsym 0.446 | Q-hidden last layer: c|l +0.80 l|c -0.05 code +0.27 eci 0.03
[circle/custom/s2] step   400 val 0.2755 KL 0.0554 rsa_oracle +0.94 c|l +0.97 l|c +0.37 twinJS 0.002 tgtAsym 0.324 | Q-hidden last layer: c|l +0.81 l|c -0.15 code +0.20 eci 0.03
[circle/custom/s2] step   500 val 0.2703 KL 0.0149 rsa_oracle +0.96 c|l +0.97 l|c +0.48 twinJS 0.003 tgtAsym 0.293 | Q-hidden last layer: c|l +0.70 l|c -0.18 code +0.28 eci 0.02
[circle/custom/s2] step   750 val 0.2692 KL 0.0102 rsa_oracle +0.98 c|l +0.98 l|c +0.45 twinJS 0.002 tgtAsym 0.196 | Q-hidden last layer: c|l +0.68 l|c -0.18 code +0.28 eci 0.02
[circle/custom/s2] step  1000 val 0.2699 KL 0.0177 rsa_oracle +0.96 c|l +0.95 l|c +0.28 twinJS 0.002 tgtAsym 0.747 | Q-hidden last layer: c|l +0.70 l|c -0.19 code +0.31 eci 0.02
[circle/custom/s2] step  1500 val 0.2692 KL 0.0105 rsa_oracle +0.97 c|l +0.97 l|c +0.41 twinJS 0.001 tgtAsym 0.323 | Q-hidden last layer: c|l +0.67 l|c -0.20 code +0.34 eci 0.02
[circle/custom/s2] step  2000 val 0.2692 KL 0.0136 rsa_oracle +0.97 c|l +0.98 l|c +0.45 twinJS 0.001 tgtAsym 0.298 | Q-hidden last layer: c|l +0.64 l|c -0.19 code +0.31 eci 0.02
[circle/custom/s2] step  3000 val 0.2690 KL 0.0098 rsa_oracle +0.97 c|l +0.98 l|c +0.51 twinJS 0.001 tgtAsym 0.273 | Q-hidden last layer: c|l +0.63 l|c -0.22 code +0.34 eci 0.02
[circle/custom/s2] step  4000 val 0.2679 KL 0.0031 rsa_oracle +0.98 c|l +0.98 l|c +0.53 twinJS 0.000 tgtAsym 0.162 | Q-hidden last layer: c|l +0.61 l|c -0.20 code +0.31 eci 0.02
[circle/custom/s2] step  5000 val 0.2677 KL 0.0010 rsa_oracle +0.99 c|l +0.99 l|c +0.61 twinJS 0.000 tgtAsym 0.078 | Q-hidden last layer: c|l +0.61 l|c -0.20 code +0.31 eci 0.02
[circle/custom/s2] step  6000 val 0.2677 KL 0.0006 rsa_oracle +0.99 c|l +0.99 l|c +0.61 twinJS 0.000 tgtAsym 0.077 | Q-hidden last layer: c|l +0.61 l|c -0.20 code +0.32 eci 0.02
done results/phase3/runs/dose_r050/circle_custom_s2
/home/moloch/Documents/Research/pitch_fourier/synthetic/measure.py:21: ConstantInputWarning: An input array is constant; the correlation coefficient is not defined.
  return {"rsa_circle": float(spearmanr(d, SEM_CIRC[iu]).correlation), "rsa_line": float(spearmanr(d, SEM_LINE[iu]).correlation), "rsa_code": float(spearmanr(d, code_hamming[iu]).correlation),
[circle/custom/s0] step     0 val 3.3608 KL 3.3391 rsa_oracle +0.03 c|l +0.01 l|c -0.05 twinJS 0.003 tgtAsym 8.082 | Q-hidden last layer: c|l +0.16 l|c -0.07 code -0.12 eci 0.30
[circle/custom/s0] step    50 val 0.3715 KL 0.4757 rsa_oracle +0.27 c|l +0.19 l|c +0.23 twinJS 0.005 tgtAsym 0.660 | Q-hidden last layer: c|l +0.32 l|c +0.09 code +0.06 eci 0.41
[circle/custom/s0] step   100 val 0.3121 KL 0.2822 rsa_oracle +0.66 c|l +0.73 l|c -0.05 twinJS 0.003 tgtAsym 1.049 | Q-hidden last layer: c|l +0.66 l|c -0.08 code +0.12 eci 0.14
[circle/custom/s0] step   150 val 0.2843 KL 0.0983 rsa_oracle +0.88 c|l +0.91 l|c -0.02 twinJS 0.003 tgtAsym 1.031 | Q-hidden last layer: c|l +0.70 l|c -0.10 code +0.11 eci 0.08
[circle/custom/s0] step   200 val 0.2802 KL 0.0753 rsa_oracle +0.92 c|l +0.95 l|c +0.01 twinJS 0.003 tgtAsym 0.885 | Q-hidden last layer: c|l +0.74 l|c -0.14 code +0.13 eci 0.05
[circle/custom/s0] step   300 val 0.2723 KL 0.0270 rsa_oracle +0.95 c|l +0.96 l|c +0.19 twinJS 0.003 tgtAsym 0.520 | Q-hidden last layer: c|l +0.75 l|c -0.21 code +0.15 eci 0.06
[circle/custom/s0] step   400 val 0.2714 KL 0.0204 rsa_oracle +0.96 c|l +0.97 l|c +0.28 twinJS 0.001 tgtAsym 0.448 | Q-hidden last layer: c|l +0.77 l|c -0.17 code +0.14 eci 0.04
[circle/custom/s0] step   500 val 0.2705 KL 0.0176 rsa_oracle +0.97 c|l +0.97 l|c +0.22 twinJS 0.001 tgtAsym 0.201 | Q-hidden last layer: c|l +0.72 l|c -0.23 code +0.14 eci 0.04
[circle/custom/s0] step   750 val 0.2714 KL 0.0249 rsa_oracle +0.97 c|l +0.97 l|c +0.26 twinJS 0.003 tgtAsym 0.404 | Q-hidden last layer: c|l +0.74 l|c -0.21 code +0.15 eci 0.03
[circle/custom/s0] step  1000 val 0.2706 KL 0.0220 rsa_oracle +0.95 c|l +0.95 l|c +0.27 twinJS 0.001 tgtAsym 0.429 | Q-hidden last layer: c|l +0.71 l|c -0.23 code +0.14 eci 0.02
[circle/custom/s0] step  1500 val 0.2716 KL 0.0307 rsa_oracle +0.96 c|l +0.97 l|c +0.30 twinJS 0.001 tgtAsym 0.493 | Q-hidden last layer: c|l +0.70 l|c -0.25 code +0.12 eci 0.02
[circle/custom/s0] step  2000 val 0.2691 KL 0.0125 rsa_oracle +0.98 c|l +0.97 l|c +0.20 twinJS 0.000 tgtAsym 0.253 | Q-hidden last layer: c|l +0.68 l|c -0.24 code +0.13 eci 0.02
[circle/custom/s0] step  3000 val 0.2683 KL 0.0081 rsa_oracle +0.98 c|l +0.97 l|c +0.17 twinJS 0.000 tgtAsym 0.426 | Q-hidden last layer: c|l +0.68 l|c -0.26 code +0.11 eci 0.02
[circle/custom/s0] step  4000 val 0.2680 KL 0.0044 rsa_oracle +0.98 c|l +0.98 l|c +0.22 twinJS 0.000 tgtAsym 0.222 | Q-hidden last layer: c|l +0.66 l|c -0.25 code +0.11 eci 0.02
[circle/custom/s0] step  5000 val 0.2679 KL 0.0038 rsa_oracle +0.98 c|l +0.98 l|c +0.28 twinJS 0.000 tgtAsym 0.287 | Q-hidden last layer: c|l +0.68 l|c -0.25 code +0.11 eci 0.02
[circle/custom/s0] step  6000 val 0.2676 KL 0.0008 rsa_oracle +0.99 c|l +0.98 l|c +0.26 twinJS 0.000 tgtAsym 0.107 | Q-hidden last layer: c|l +0.67 l|c -0.24 code +0.11 eci 0.02
done results/phase3/runs/dose_r075/circle_custom_s0
/home/moloch/Documents/Research/pitch_fourier/synthetic/measure.py:21: ConstantInputWarning: An input array is constant; the correlation coefficient is not defined.
  return {"rsa_circle": float(spearmanr(d, SEM_CIRC[iu]).correlation), "rsa_line": float(spearmanr(d, SEM_LINE[iu]).correlation), "rsa_code": float(spearmanr(d, code_hamming[iu]).correlation),
[circle/custom/s1] step     0 val 3.3040 KL 2.3400 rsa_oracle +0.02 c|l +0.08 l|c +0.04 twinJS 0.007 tgtAsym 2.476 | Q-hidden last layer: c|l +0.05 l|c +0.07 code +0.08 eci 0.64
[circle/custom/s1] step    50 val 0.3886 KL 0.5279 rsa_oracle +0.23 c|l +0.34 l|c -0.08 twinJS 0.001 tgtAsym 0.280 | Q-hidden last layer: c|l +0.13 l|c +0.14 code +0.08 eci 0.62
[circle/custom/s1] step   100 val 0.3055 KL 0.2172 rsa_oracle +0.69 c|l +0.78 l|c +0.12 twinJS 0.005 tgtAsym 1.443 | Q-hidden last layer: c|l +0.68 l|c -0.12 code +0.14 eci 0.15
[circle/custom/s1] step   150 val 0.2785 KL 0.0493 rsa_oracle +0.91 c|l +0.93 l|c +0.21 twinJS 0.007 tgtAsym 0.708 | Q-hidden last layer: c|l +0.58 l|c -0.17 code +0.15 eci 0.09
[circle/custom/s1] step   200 val 0.2744 KL 0.0343 rsa_oracle +0.93 c|l +0.94 l|c +0.25 twinJS 0.006 tgtAsym 0.509 | Q-hidden last layer: c|l +0.66 l|c -0.19 code +0.08 eci 0.04
[circle/custom/s1] step   300 val 0.2737 KL 0.0376 rsa_oracle +0.94 c|l +0.95 l|c +0.22 twinJS 0.004 tgtAsym 0.598 | Q-hidden last layer: c|l +0.69 l|c -0.19 code +0.17 eci 0.03
[circle/custom/s1] step   400 val 0.2723 KL 0.0335 rsa_oracle +0.96 c|l +0.96 l|c +0.34 twinJS 0.006 tgtAsym 0.589 | Q-hidden last layer: c|l +0.71 l|c -0.17 code +0.10 eci 0.03
[circle/custom/s1] step   500 val 0.2704 KL 0.0167 rsa_oracle +0.97 c|l +0.97 l|c +0.40 twinJS 0.002 tgtAsym 0.386 | Q-hidden last layer: c|l +0.70 l|c -0.15 code +0.13 eci 0.03
[circle/custom/s1] step   750 val 0.2710 KL 0.0256 rsa_oracle +0.96 c|l +0.97 l|c +0.25 twinJS 0.001 tgtAsym 0.338 | Q-hidden last layer: c|l +0.76 l|c -0.22 code +0.12 eci 0.04
[circle/custom/s1] step  1000 val 0.2726 KL 0.0427 rsa_oracle +0.96 c|l +0.97 l|c +0.44 twinJS 0.001 tgtAsym 0.532 | Q-hidden last layer: c|l +0.72 l|c -0.21 code +0.12 eci 0.03
[circle/custom/s1] step  1500 val 0.2685 KL 0.0075 rsa_oracle +0.98 c|l +0.98 l|c +0.49 twinJS 0.001 tgtAsym 0.190 | Q-hidden last layer: c|l +0.75 l|c -0.18 code +0.12 eci 0.03
[circle/custom/s1] step  2000 val 0.2708 KL 0.0241 rsa_oracle +0.97 c|l +0.97 l|c +0.46 twinJS 0.001 tgtAsym 0.218 | Q-hidden last layer: c|l +0.70 l|c -0.19 code +0.17 eci 0.03
[circle/custom/s1] step  3000 val 0.2688 KL 0.0094 rsa_oracle +0.98 c|l +0.97 l|c +0.45 twinJS 0.000 tgtAsym 0.312 | Q-hidden last layer: c|l +0.68 l|c -0.22 code +0.16 eci 0.02
[circle/custom/s1] step  4000 val 0.2677 KL 0.0039 rsa_oracle +0.98 c|l +0.98 l|c +0.50 twinJS 0.000 tgtAsym 0.156 | Q-hidden last layer: c|l +0.67 l|c -0.21 code +0.15 eci 0.02
[circle/custom/s1] step  5000 val 0.2676 KL 0.0027 rsa_oracle +0.99 c|l +0.98 l|c +0.56 twinJS 0.000 tgtAsym 0.153 | Q-hidden last layer: c|l +0.67 l|c -0.21 code +0.16 eci 0.02
[circle/custom/s1] step  6000 val 0.2674 KL 0.0006 rsa_oracle +0.99 c|l +0.98 l|c +0.52 twinJS 0.000 tgtAsym 0.071 | Q-hidden last layer: c|l +0.67 l|c -0.21 code +0.16 eci 0.02
done results/phase3/runs/dose_r075/circle_custom_s1
/home/moloch/Documents/Research/pitch_fourier/synthetic/measure.py:21: ConstantInputWarning: An input array is constant; the correlation coefficient is not defined.
  return {"rsa_circle": float(spearmanr(d, SEM_CIRC[iu]).correlation), "rsa_line": float(spearmanr(d, SEM_LINE[iu]).correlation), "rsa_code": float(spearmanr(d, code_hamming[iu]).correlation),
[circle/custom/s2] step     0 val 3.0863 KL 0.9673 rsa_oracle +0.03 c|l +0.20 l|c -0.08 twinJS 0.006 tgtAsym 2.008 | Q-hidden last layer: c|l -0.04 l|c +0.14 code +0.03 eci 0.62
[circle/custom/s2] step    50 val 0.3841 KL 0.5257 rsa_oracle +0.23 c|l +0.21 l|c +0.16 twinJS 0.000 tgtAsym 0.314 | Q-hidden last layer: c|l +0.35 l|c +0.01 code +0.06 eci 0.21
[circle/custom/s2] step   100 val 0.3052 KL 0.2076 rsa_oracle +0.73 c|l +0.79 l|c +0.13 twinJS 0.004 tgtAsym 1.571 | Q-hidden last layer: c|l +0.62 l|c -0.16 code +0.10 eci 0.07
[circle/custom/s2] step   150 val 0.2889 KL 0.1222 rsa_oracle +0.87 c|l +0.91 l|c +0.48 twinJS 0.007 tgtAsym 0.881 | Q-hidden last layer: c|l +0.66 l|c -0.16 code +0.08 eci 0.08
[circle/custom/s2] step   200 val 0.2800 KL 0.0722 rsa_oracle +0.93 c|l +0.96 l|c +0.40 twinJS 0.006 tgtAsym 0.562 | Q-hidden last layer: c|l +0.68 l|c -0.17 code +0.06 eci 0.03
[circle/custom/s2] step   300 val 0.2827 KL 0.1121 rsa_oracle +0.89 c|l +0.91 l|c +0.11 twinJS 0.004 tgtAsym 0.765 | Q-hidden last layer: c|l +0.71 l|c -0.12 code +0.14 eci 0.03
[circle/custom/s2] step   400 val 0.2723 KL 0.0295 rsa_oracle +0.95 c|l +0.95 l|c +0.15 twinJS 0.002 tgtAsym 0.468 | Q-hidden last layer: c|l +0.74 l|c -0.20 code +0.10 eci 0.02
[circle/custom/s2] step   500 val 0.2723 KL 0.0302 rsa_oracle +0.96 c|l +0.96 l|c +0.41 twinJS 0.002 tgtAsym 0.429 | Q-hidden last layer: c|l +0.70 l|c -0.15 code +0.10 eci 0.02
[circle/custom/s2] step   750 val 0.2715 KL 0.0307 rsa_oracle +0.95 c|l +0.96 l|c +0.37 twinJS 0.002 tgtAsym 0.795 | Q-hidden last layer: c|l +0.66 l|c -0.14 code +0.08 eci 0.02
[circle/custom/s2] step  1000 val 0.2694 KL 0.0140 rsa_oracle +0.98 c|l +0.98 l|c +0.32 twinJS 0.001 tgtAsym 0.296 | Q-hidden last layer: c|l +0.68 l|c -0.17 code +0.10 eci 0.02
[circle/custom/s2] step  1500 val 0.2688 KL 0.0098 rsa_oracle +0.98 c|l +0.97 l|c +0.28 twinJS 0.001 tgtAsym 0.223 | Q-hidden last layer: c|l +0.62 l|c -0.15 code +0.10 eci 0.02
[circle/custom/s2] step  2000 val 0.2686 KL 0.0085 rsa_oracle +0.97 c|l +0.97 l|c +0.38 twinJS 0.001 tgtAsym 0.237 | Q-hidden last layer: c|l +0.57 l|c -0.13 code +0.08 eci 0.02
[circle/custom/s2] step  3000 val 0.2684 KL 0.0057 rsa_oracle +0.98 c|l +0.97 l|c +0.41 twinJS 0.001 tgtAsym 0.145 | Q-hidden last layer: c|l +0.56 l|c -0.16 code +0.11 eci 0.02
[circle/custom/s2] step  4000 val 0.2684 KL 0.0070 rsa_oracle +0.98 c|l +0.98 l|c +0.50 twinJS 0.000 tgtAsym 0.239 | Q-hidden last layer: c|l +0.59 l|c -0.15 code +0.11 eci 0.02
[circle/custom/s2] step  5000 val 0.2677 KL 0.0016 rsa_oracle +0.99 c|l +0.98 l|c +0.44 twinJS 0.000 tgtAsym 0.105 | Q-hidden last layer: c|l +0.57 l|c -0.15 code +0.09 eci 0.02
[circle/custom/s2] step  6000 val 0.2676 KL 0.0006 rsa_oracle +0.99 c|l +0.98 l|c +0.46 twinJS 0.000 tgtAsym 0.095 | Q-hidden last layer: c|l +0.59 l|c -0.15 code +0.09 eci 0.02
done results/phase3/runs/dose_r075/circle_custom_s2
/home/moloch/Documents/Research/pitch_fourier/synthetic/measure.py:21: ConstantInputWarning: An input array is constant; the correlation coefficient is not defined.
  return {"rsa_circle": float(spearmanr(d, SEM_CIRC[iu]).correlation), "rsa_line": float(spearmanr(d, SEM_LINE[iu]).correlation), "rsa_code": float(spearmanr(d, code_hamming[iu]).correlation),
[circle/custom/s0] step     0 val 3.3632 KL 3.3085 rsa_oracle +0.02 c|l +0.01 l|c -0.02 twinJS 0.003 tgtAsym 8.325 | Q-hidden last layer: c|l +0.16 l|c +0.02 code -0.10 eci 0.30
[circle/custom/s0] step    50 val 0.3665 KL 0.4394 rsa_oracle +0.42 c|l +0.29 l|c -0.13 twinJS 0.005 tgtAsym 0.388 | Q-hidden last layer: c|l +0.25 l|c +0.06 code +0.14 eci 0.42
[circle/custom/s0] step   100 val 0.2862 KL 0.0775 rsa_oracle +0.89 c|l +0.89 l|c -0.16 twinJS 0.002 tgtAsym 0.907 | Q-hidden last layer: c|l +0.72 l|c -0.19 code +0.19 eci 0.05
[circle/custom/s0] step   150 val 0.2803 KL 0.0628 rsa_oracle +0.92 c|l +0.92 l|c -0.21 twinJS 0.002 tgtAsym 0.740 | Q-hidden last layer: c|l +0.73 l|c -0.18 code +0.20 eci 0.05
[circle/custom/s0] step   200 val 0.2758 KL 0.0389 rsa_oracle +0.93 c|l +0.93 l|c -0.06 twinJS 0.004 tgtAsym 0.647 | Q-hidden last layer: c|l +0.75 l|c -0.14 code +0.19 eci 0.04
[circle/custom/s0] step   300 val 0.2721 KL 0.0248 rsa_oracle +0.96 c|l +0.94 l|c -0.06 twinJS 0.002 tgtAsym 0.462 | Q-hidden last layer: c|l +0.80 l|c -0.14 code +0.17 eci 0.03
[circle/custom/s0] step   400 val 0.2722 KL 0.0261 rsa_oracle +0.96 c|l +0.96 l|c +0.09 twinJS 0.001 tgtAsym 0.461 | Q-hidden last layer: c|l +0.79 l|c -0.14 code +0.20 eci 0.02
[circle/custom/s0] step   500 val 0.2717 KL 0.0281 rsa_oracle +0.95 c|l +0.95 l|c +0.13 twinJS 0.001 tgtAsym 0.398 | Q-hidden last layer: c|l +0.78 l|c -0.16 code +0.15 eci 0.02
[circle/custom/s0] step   750 val 0.2704 KL 0.0191 rsa_oracle +0.97 c|l +0.97 l|c +0.18 twinJS 0.003 tgtAsym 0.294 | Q-hidden last layer: c|l +0.80 l|c -0.10 code +0.18 eci 0.02
[circle/custom/s0] step  1000 val 0.2692 KL 0.0109 rsa_oracle +0.97 c|l +0.96 l|c +0.02 twinJS 0.002 tgtAsym 0.285 | Q-hidden last layer: c|l +0.73 l|c -0.15 code +0.16 eci 0.02
[circle/custom/s0] step  1500 val 0.2708 KL 0.0266 rsa_oracle +0.96 c|l +0.96 l|c +0.04 twinJS 0.001 tgtAsym 0.795 | Q-hidden last layer: c|l +0.65 l|c -0.18 code +0.16 eci 0.02
[circle/custom/s0] step  2000 val 0.2688 KL 0.0080 rsa_oracle +0.97 c|l +0.97 l|c +0.17 twinJS 0.000 tgtAsym 0.229 | Q-hidden last layer: c|l +0.68 l|c -0.14 code +0.13 eci 0.02
[circle/custom/s0] step  3000 val 0.2682 KL 0.0062 rsa_oracle +0.98 c|l +0.97 l|c +0.07 twinJS 0.000 tgtAsym 0.255 | Q-hidden last layer: c|l +0.61 l|c -0.15 code +0.15 eci 0.02
[circle/custom/s0] step  4000 val 0.2682 KL 0.0053 rsa_oracle +0.98 c|l +0.96 l|c +0.14 twinJS 0.000 tgtAsym 0.167 | Q-hidden last layer: c|l +0.64 l|c -0.15 code +0.14 eci 0.02
[circle/custom/s0] step  5000 val 0.2677 KL 0.0018 rsa_oracle +0.99 c|l +0.97 l|c +0.10 twinJS 0.000 tgtAsym 0.177 | Q-hidden last layer: c|l +0.62 l|c -0.15 code +0.16 eci 0.02
[circle/custom/s0] step  6000 val 0.2676 KL 0.0007 rsa_oracle +0.99 c|l +0.98 l|c +0.06 twinJS 0.000 tgtAsym 0.107 | Q-hidden last layer: c|l +0.63 l|c -0.16 code +0.16 eci 0.02
done results/phase3/runs/dose_r100/circle_custom_s0
/home/moloch/Documents/Research/pitch_fourier/synthetic/measure.py:21: ConstantInputWarning: An input array is constant; the correlation coefficient is not defined.
  return {"rsa_circle": float(spearmanr(d, SEM_CIRC[iu]).correlation), "rsa_line": float(spearmanr(d, SEM_LINE[iu]).correlation), "rsa_code": float(spearmanr(d, code_hamming[iu]).correlation),
[circle/custom/s1] step     0 val 3.3159 KL 2.4268 rsa_oracle +0.06 c|l +0.19 l|c -0.10 twinJS 0.007 tgtAsym 4.241 | Q-hidden last layer: c|l +0.09 l|c +0.12 code +0.10 eci 0.64
[circle/custom/s1] step    50 val 0.3852 KL 0.5031 rsa_oracle +0.28 c|l +0.15 l|c +0.09 twinJS 0.001 tgtAsym 0.379 | Q-hidden last layer: c|l +0.17 l|c +0.14 code +0.20 eci 0.63
[circle/custom/s1] step   100 val 0.2900 KL 0.0905 rsa_oracle +0.88 c|l +0.87 l|c -0.15 twinJS 0.002 tgtAsym 0.906 | Q-hidden last layer: c|l +0.81 l|c +0.01 code +0.24 eci 0.16
[circle/custom/s1] step   150 val 0.2815 KL 0.0713 rsa_oracle +0.91 c|l +0.92 l|c -0.26 twinJS 0.002 tgtAsym 0.677 | Q-hidden last layer: c|l +0.84 l|c +0.01 code +0.23 eci 0.12
[circle/custom/s1] step   200 val 0.2751 KL 0.0395 rsa_oracle +0.94 c|l +0.93 l|c -0.19 twinJS 0.004 tgtAsym 0.615 | Q-hidden last layer: c|l +0.79 l|c -0.05 code +0.23 eci 0.10
[circle/custom/s1] step   300 val 0.2751 KL 0.0491 rsa_oracle +0.93 c|l +0.93 l|c +0.11 twinJS 0.006 tgtAsym 0.671 | Q-hidden last layer: c|l +0.76 l|c -0.09 code +0.24 eci 0.09
[circle/custom/s1] step   400 val 0.2724 KL 0.0341 rsa_oracle +0.95 c|l +0.94 l|c +0.09 twinJS 0.006 tgtAsym 0.421 | Q-hidden last layer: c|l +0.83 l|c -0.07 code +0.20 eci 0.03
[circle/custom/s1] step   500 val 0.2706 KL 0.0205 rsa_oracle +0.97 c|l +0.96 l|c +0.03 twinJS 0.001 tgtAsym 0.478 | Q-hidden last layer: c|l +0.79 l|c -0.14 code +0.22 eci 0.02
[circle/custom/s1] step   750 val 0.2716 KL 0.0305 rsa_oracle +0.95 c|l +0.95 l|c +0.16 twinJS 0.001 tgtAsym 0.356 | Q-hidden last layer: c|l +0.86 l|c -0.05 code +0.20 eci 0.02
[circle/custom/s1] step  1000 val 0.2705 KL 0.0246 rsa_oracle +0.97 c|l +0.96 l|c +0.00 twinJS 0.000 tgtAsym 0.616 | Q-hidden last layer: c|l +0.82 l|c -0.12 code +0.20 eci 0.02
[circle/custom/s1] step  1500 val 0.2690 KL 0.0128 rsa_oracle +0.98 c|l +0.97 l|c +0.04 twinJS 0.001 tgtAsym 0.330 | Q-hidden last layer: c|l +0.84 l|c -0.09 code +0.23 eci 0.03
[circle/custom/s1] step  2000 val 0.2691 KL 0.0137 rsa_oracle +0.97 c|l +0.97 l|c +0.08 twinJS 0.002 tgtAsym 0.269 | Q-hidden last layer: c|l +0.77 l|c -0.14 code +0.22 eci 0.03
[circle/custom/s1] step  3000 val 0.2683 KL 0.0070 rsa_oracle +0.98 c|l +0.97 l|c +0.10 twinJS 0.000 tgtAsym 0.293 | Q-hidden last layer: c|l +0.78 l|c -0.14 code +0.22 eci 0.03
[circle/custom/s1] step  4000 val 0.2676 KL 0.0031 rsa_oracle +0.98 c|l +0.97 l|c +0.16 twinJS 0.000 tgtAsym 0.126 | Q-hidden last layer: c|l +0.76 l|c -0.16 code +0.22 eci 0.03
[circle/custom/s1] step  5000 val 0.2676 KL 0.0024 rsa_oracle +0.99 c|l +0.97 l|c +0.09 twinJS 0.000 tgtAsym 0.140 | Q-hidden last layer: c|l +0.75 l|c -0.16 code +0.22 eci 0.03
[circle/custom/s1] step  6000 val 0.2674 KL 0.0006 rsa_oracle +0.99 c|l +0.97 l|c +0.12 twinJS 0.000 tgtAsym 0.086 | Q-hidden last layer: c|l +0.75 l|c -0.16 code +0.22 eci 0.03
done results/phase3/runs/dose_r100/circle_custom_s1
/home/moloch/Documents/Research/pitch_fourier/synthetic/measure.py:21: ConstantInputWarning: An input array is constant; the correlation coefficient is not defined.
  return {"rsa_circle": float(spearmanr(d, SEM_CIRC[iu]).correlation), "rsa_line": float(spearmanr(d, SEM_LINE[iu]).correlation), "rsa_code": float(spearmanr(d, code_hamming[iu]).correlation),
[circle/custom/s2] step     0 val 3.0844 KL 0.9567 rsa_oracle +0.09 c|l +0.25 l|c -0.05 twinJS 0.006 tgtAsym 1.808 | Q-hidden last layer: c|l -0.00 l|c +0.06 code +0.11 eci 0.62
[circle/custom/s2] step    50 val 0.3738 KL 0.4494 rsa_oracle +0.43 c|l +0.39 l|c +0.01 twinJS 0.001 tgtAsym 0.403 | Q-hidden last layer: c|l +0.51 l|c +0.04 code +0.18 eci 0.18
[circle/custom/s2] step   100 val 0.2862 KL 0.0579 rsa_oracle +0.91 c|l +0.88 l|c -0.18 twinJS 0.006 tgtAsym 1.151 | Q-hidden last layer: c|l +0.84 l|c -0.08 code +0.24 eci 0.05
[circle/custom/s2] step   150 val 0.2898 KL 0.1341 rsa_oracle +0.85 c|l +0.88 l|c -0.08 twinJS 0.007 tgtAsym 1.379 | Q-hidden last layer: c|l +0.84 l|c -0.09 code +0.20 eci 0.05
[circle/custom/s2] step   200 val 0.2804 KL 0.0767 rsa_oracle +0.92 c|l +0.93 l|c -0.07 twinJS 0.006 tgtAsym 0.767 | Q-hidden last layer: c|l +0.78 l|c -0.14 code +0.17 eci 0.04
[circle/custom/s2] step   300 val 0.2737 KL 0.0351 rsa_oracle +0.94 c|l +0.95 l|c -0.01 twinJS 0.003 tgtAsym 0.833 | Q-hidden last layer: c|l +0.82 l|c -0.22 code +0.27 eci 0.02
[circle/custom/s2] step   400 val 0.2709 KL 0.0181 rsa_oracle +0.97 c|l +0.96 l|c +0.02 twinJS 0.002 tgtAsym 0.300 | Q-hidden last layer: c|l +0.83 l|c -0.17 code +0.20 eci 0.02
[circle/custom/s2] step   500 val 0.2722 KL 0.0295 rsa_oracle +0.96 c|l +0.96 l|c +0.08 twinJS 0.002 tgtAsym 0.561 | Q-hidden last layer: c|l +0.77 l|c -0.19 code +0.21 eci 0.02
[circle/custom/s2] step   750 val 0.2707 KL 0.0217 rsa_oracle +0.97 c|l +0.96 l|c +0.07 twinJS 0.001 tgtAsym 0.532 | Q-hidden last layer: c|l +0.77 l|c -0.18 code +0.20 eci 0.02
[circle/custom/s2] step  1000 val 0.2688 KL 0.0078 rsa_oracle +0.98 c|l +0.97 l|c +0.13 twinJS 0.001 tgtAsym 0.277 | Q-hidden last layer: c|l +0.74 l|c -0.18 code +0.19 eci 0.02
[circle/custom/s2] step  1500 val 0.2697 KL 0.0155 rsa_oracle +0.97 c|l +0.96 l|c +0.08 twinJS 0.001 tgtAsym 0.446 | Q-hidden last layer: c|l +0.67 l|c -0.18 code +0.18 eci 0.02
[circle/custom/s2] step  2000 val 0.2684 KL 0.0069 rsa_oracle +0.98 c|l +0.97 l|c +0.11 twinJS 0.001 tgtAsym 0.175 | Q-hidden last layer: c|l +0.61 l|c -0.21 code +0.19 eci 0.02
[circle/custom/s2] step  3000 val 0.2684 KL 0.0055 rsa_oracle +0.97 c|l +0.96 l|c +0.05 twinJS 0.001 tgtAsym 0.140 | Q-hidden last layer: c|l +0.55 l|c -0.20 code +0.19 eci 0.02
[circle/custom/s2] step  4000 val 0.2684 KL 0.0075 rsa_oracle +0.98 c|l +0.98 l|c +0.03 twinJS 0.000 tgtAsym 0.222 | Q-hidden last layer: c|l +0.57 l|c -0.17 code +0.18 eci 0.02
[circle/custom/s2] step  5000 val 0.2678 KL 0.0015 rsa_oracle +0.99 c|l +0.97 l|c +0.20 twinJS 0.000 tgtAsym 0.166 | Q-hidden last layer: c|l +0.56 l|c -0.18 code +0.18 eci 0.02
[circle/custom/s2] step  6000 val 0.2676 KL 0.0006 rsa_oracle +0.99 c|l +0.98 l|c +0.11 twinJS 0.000 tgtAsym 0.093 | Q-hidden last layer: c|l +0.56 l|c -0.18 code +0.18 eci 0.02
done results/phase3/runs/dose_r100/circle_custom_s2
DOSE_DONE
